[euro-moto.mysapo.net/index.html]
[backblue.gif]
[fade.gif]
[index.html]
[euro-moto.mysapo.net/s]
[euro-moto.mysapo.net/dist/js/stats.minbadf.js]
[euro-moto.mysapo.net/he-thong-cua-hang.html]
[euro-moto.mysapo.net/account/login.html]
[euro-moto.mysapo.net/account/register.html]
[euro-moto.mysapo.net/gioi-thieu.html]
[euro-moto.mysapo.net/collections/all.html]
[euro-moto.mysapo.net/honda.html]
[euro-moto.mysapo.net/xe-ga-honda.html]
[euro-moto.mysapo.net/xe-con-tay-honda.html]
[euro-moto.mysapo.net/xe-so-honda.html]
[euro-moto.mysapo.net/yamaha.html]
[euro-moto.mysapo.net/xe-ga-yamaha.html]
[euro-moto.mysapo.net/xe-the-thao-yamaha.html]
[euro-moto.mysapo.net/xe-so-yamaha.html]
[euro-moto.mysapo.net/sym.html]
[euro-moto.mysapo.net/xe-ga-sym.html]
[euro-moto.mysapo.net/xe-con-tay-sym.html]
[euro-moto.mysapo.net/xe-so-sym.html]
[euro-moto.mysapo.net/blogs/all.html]
[euro-moto.mysapo.net/tin-su-kien.html]
[euro-moto.mysapo.net/tin-moi-nhat.html]
[euro-moto.mysapo.net/lien-he.html]
[euro-moto.mysapo.net/cau-hoi-thuong-gap.html]
[euro-moto.mysapo.net/san-pham-yeu-thich.html]
[euro-moto.mysapo.net/cart.html]
[euro-moto.mysapo.net/xe-tay-ga.html]
[euro-moto.mysapo.net/xe-so.html]
[euro-moto.mysapo.net/xe-con-tay.html]
[euro-moto.mysapo.net/xe-phan-khoi-lon.html]
[euro-moto.mysapo.net/san-pham-khuyen-mai.html]
[euro-moto.mysapo.net/san-pham-noi-bat.html]
[euro-moto.mysapo.net/wave-rsx.html]
[euro-moto.mysapo.net/future-125-fi.html]
[euro-moto.mysapo.net/wave-alpha-110cc.html]
[euro-moto.mysapo.net/winner-x-2024.html]
[euro-moto.mysapo.net/cbr150r.html]
[euro-moto.mysapo.net/vario160.html]
[euro-moto.mysapo.net/vario-125.html]
[euro-moto.mysapo.net/air-blade-2025.html]
[euro-moto.mysapo.net/san-pham-ban-chay.html]
[euro-moto.mysapo.net/phu-tung-honda.html]
[euro-moto.mysapo.net/bo-nhong-xich.html]
[euro-moto.mysapo.net/lop-sau.html]
[euro-moto.mysapo.net/bo-ma-phanh.html]
[euro-moto.mysapo.net/phu-tung-yamaha.html]
[euro-moto.mysapo.net/bo-bao-duong-2-danh-cho-xe-exciter.html]
[euro-moto.mysapo.net/bo-bao-duong-1-danh-cho-xe-grande.html]
[euro-moto.mysapo.net/bo-bao-duong-2-danh-cho-xe-jupiter.html]
[euro-moto.mysapo.net/phu-tung-sym.html]
[euro-moto.mysapo.net/bo-ve-sinh-va-dau-duong-loc-gio-stb-chinh-hang.html]
[euro-moto.mysapo.net/kinh-chieu-hau-x1r-vuong-chinh-hang.html]
[euro-moto.mysapo.net/vo-deli-urban-grip-100-90-10.html]
[euro-moto.mysapo.net/tin-tuc.html]
[euro-moto.mysapo.net/honda-viet-nam-gioi-thieu-future-125-fi-2024-moi-vung-chuan-rieng-dinh-ban-sac.html]
[euro-moto.mysapo.net/honda-viet-nam-gioi-thieu-rebel-500-phien-ban-moi-dinh-chat-khi-phach.html]
[euro-moto.mysapo.net/honda-viet-nam-ra-mat-mau-xe-cb350-h-ness-va-he-thong-cua-hang-cb-uy-nhiem.html]
[euro-moto.mysapo.net/honda-viet-nam-gioi-thieu-air-blade-2025-moi-khi-chat-bat-bien-can-moi-trai-nghiem.html]
[euro-moto.mysapo.net/honda-viet-nam-gioi-thieu-thiet-ke-moi-dong-xe-wave-alpha-phien-ban-co-dien-va-mau-moi-mau-xe-super-cub-c125.html]
[euro-moto.mysapo.net/honda-viet-nam-gioi-thieu-loat-xe-phan-khoi-lon-the-he-2024-voi-nhung-nang-cap-thu-vi-cung-cong-nghe-ly-hop-dien-tu-e-clutch-lan-dau-tien-xuat-hien.html]
[euro-moto.mysapo.net/cdn-cgi/l/email-protection]
[euro-moto.mysapo.net/huong-dan-mua-hang.html]
[euro-moto.mysapo.net/huong-dan-thanh-toan.html]
[euro-moto.mysapo.net/huong-dan-giao-nhan.html]
[euro-moto.mysapo.net/dieu-khoan-dich-vu.html]
[euro-moto.mysapo.net/chinh-sach-thanh-vien.html]
[euro-moto.mysapo.net/chinh-sach-thanh-toan.html]
[euro-moto.mysapo.net/bao-mat-thong-tin-ca-nhan.html]
[euro-moto.mysapo.net/chinh-sach-van-chuyen-vao-giao-nhan.html]
[euro-moto.mysapo.net/cdn-cgi/scripts/5c5dd728/cloudflare-static/email-decode.min.js]
[euro-moto.mysapo.net/cart.json]
[euro-moto.mysapo.net/products/index.html]
[euro-moto.mysapo.net/exciter-155-vva.html]
[euro-moto.mysapo.net/jupiter-fi.html]
[euro-moto.mysapo.net/mt-15.html]
[euro-moto.mysapo.net/janus.html]
[euro-moto.mysapo.net/lead.html]
[euro-moto.mysapo.net/honda-vision.html]
[euro-moto.mysapo.net/sh160i-125i.html]
[euro-moto.mysapo.net/index.html]
[euro-moto.mysapo.net/s.html]
[euro-moto.mysapo.net/he-thong-cua-hang.html]
[euro-moto.mysapo.net/account/login.html]
[euro-moto.mysapo.net/account/register.html]
[euro-moto.mysapo.net/gioi-thieu.html]
[euro-moto.mysapo.net/collections/all.html]
[euro-moto.mysapo.net/honda.html]
[euro-moto.mysapo.net/xe-ga-honda.html]
[euro-moto.mysapo.net/xe-con-tay-honda.html]
[euro-moto.mysapo.net/xe-so-honda.html]
[euro-moto.mysapo.net/sh-mode-125cc.html]
[euro-moto.mysapo.net/yamaha.html]
[euro-moto.mysapo.net/xe-ga-yamaha.html]
[euro-moto.mysapo.net/xe-the-thao-yamaha.html]
[euro-moto.mysapo.net/xe-so-yamaha.html]
[euro-moto.mysapo.net/sym.html]
[euro-moto.mysapo.net/xe-ga-sym.html]
[euro-moto.mysapo.net/xe-con-tay-sym.html]
[euro-moto.mysapo.net/xe-so-sym.html]
[euro-moto.mysapo.net/blogs/all.html]
[euro-moto.mysapo.net/tin-su-kien.html]
[euro-moto.mysapo.net/tin-moi-nhat.html]
[euro-moto.mysapo.net/lien-he.html]
[euro-moto.mysapo.net/cau-hoi-thuong-gap.html]
[euro-moto.mysapo.net/san-pham-yeu-thich.html]
[euro-moto.mysapo.net/cart.html]
[euro-moto.mysapo.net/xe-tay-ga.html]
[euro-moto.mysapo.net/xe-so.html]
[euro-moto.mysapo.net/xe-con-tay.html]
[euro-moto.mysapo.net/xe-phan-khoi-lon.html]
[euro-moto.mysapo.net/san-pham-khuyen-mai.html]
[euro-moto.mysapo.net/san-pham-noi-bat.html]
[euro-moto.mysapo.net/wave-rsx.html]
[euro-moto.mysapo.net/future-125-fi.html]
[euro-moto.mysapo.net/wave-alpha-110cc.html]
[euro-moto.mysapo.net/winner-x-2024.html]
[euro-moto.mysapo.net/cbr150r.html]
[euro-moto.mysapo.net/vario160.html]
[euro-moto.mysapo.net/vario-125.html]
[euro-moto.mysapo.net/air-blade-2025.html]
[euro-moto.mysapo.net/san-pham-ban-chay.html]
[euro-moto.mysapo.net/phu-tung-honda.html]
[euro-moto.mysapo.net/bo-nhong-xich.html]
[euro-moto.mysapo.net/lop-sau.html]
[euro-moto.mysapo.net/bo-ma-phanh.html]
[euro-moto.mysapo.net/phu-tung-yamaha.html]
[euro-moto.mysapo.net/bo-bao-duong-2-danh-cho-xe-exciter.html]
[euro-moto.mysapo.net/bo-bao-duong-1-danh-cho-xe-grande.html]
[euro-moto.mysapo.net/bo-bao-duong-2-danh-cho-xe-jupiter.html]
[euro-moto.mysapo.net/phu-tung-sym.html]
[euro-moto.mysapo.net/bo-ve-sinh-va-dau-duong-loc-gio-stb-chinh-hang.html]
[euro-moto.mysapo.net/kinh-chieu-hau-x1r-vuong-chinh-hang.html]
[euro-moto.mysapo.net/vo-deli-urban-grip-100-90-10.html]
[euro-moto.mysapo.net/tin-tuc.html]
[euro-moto.mysapo.net/honda-viet-nam-gioi-thieu-future-125-fi-2024-moi-vung-chuan-rieng-dinh-ban-sac.html]
[euro-moto.mysapo.net/honda-viet-nam-gioi-thieu-rebel-500-phien-ban-moi-dinh-chat-khi-phach.html]
[euro-moto.mysapo.net/honda-viet-nam-ra-mat-mau-xe-cb350-h-ness-va-he-thong-cua-hang-cb-uy-nhiem.html]
[euro-moto.mysapo.net/honda-viet-nam-gioi-thieu-air-blade-2025-moi-khi-chat-bat-bien-can-moi-trai-nghiem.html]
[euro-moto.mysapo.net/honda-viet-nam-gioi-thieu-thiet-ke-moi-dong-xe-wave-alpha-phien-ban-co-dien-va-mau-moi-mau-xe-super-cub-c125.html]
[euro-moto.mysapo.net/honda-viet-nam-gioi-thieu-loat-xe-phan-khoi-lon-the-he-2024-voi-nhung-nang-cap-thu-vi-cung-cong-nghe-ly-hop-dien-tu-e-clutch-lan-dau-tien-xuat-hien.html]
[euro-moto.mysapo.net/cdn-cgi/l/email-protection.html]
[euro-moto.mysapo.net/huong-dan-mua-hang.html]
[euro-moto.mysapo.net/huong-dan-thanh-toan.html]
[euro-moto.mysapo.net/huong-dan-giao-nhan.html]
[euro-moto.mysapo.net/dieu-khoan-dich-vu.html]
[euro-moto.mysapo.net/chinh-sach-thanh-vien.html]
[euro-moto.mysapo.net/chinh-sach-thanh-toan.html]
[euro-moto.mysapo.net/bao-mat-thong-tin-ca-nhan.html]
[euro-moto.mysapo.net/chinh-sach-van-chuyen-vao-giao-nhan.html]
[euro-moto.mysapo.net/products/index.html]
[euro-moto.mysapo.net/exciter-155-vva.html]
[euro-moto.mysapo.net/jupiter-fi.html]
[euro-moto.mysapo.net/mt-15.html]
[euro-moto.mysapo.net/janus.html]
[euro-moto.mysapo.net/lead.html]
[euro-moto.mysapo.net/honda-vision.html]
[euro-moto.mysapo.net/sh160i-125i.html]
[euro-moto.mysapo.net/sh-mode-125cc.html]
